// Jest Snapshot v1, https://goo.gl/fbAQLP

exports[`BeachList container should match with snapshot 1`] = `[Function]`;
