// Jest Snapshot v1, https://goo.gl/fbAQLP

exports[`Beach details page should match with snapshot 1`] = `[Function]`;
