// Jest Snapshot v1, https://goo.gl/fbAQLP

exports[`Header component should match with snapshot 1`] = `[Function]`;
