// Jest Snapshot v1, https://goo.gl/fbAQLP

exports[`Homepage should match with snapshot 1`] = `[Function]`;
