// Jest Snapshot v1, https://goo.gl/fbAQLP

exports[`LogIn page should match with snapshot 1`] = `[Function]`;
